Test run at: Thu Jul 24 20:09:35 CDT 2025
Passed: 72
Failed: 142

Failed endpoints:
  • GET /matches/1/timeline - HTTP 500
  • GET /public/news/categories - HTTP 404
  • GET /public/rankings/distribution - HTTP 404
  • GET /public/rankings/marvel-rivals-info - HTTP 404
  • GET /public/heroes/images - HTTP 400
  • GET /public/search?q=test - HTTP 500
  • POST /auth/login - HTTP 401
  • POST /auth/forgot-password - HTTP 500
  • POST /auth/reset-password - HTTP 400
  • GET /auth/me - HTTP 401
  • POST /auth/logout - HTTP 401
  • POST /auth/refresh - HTTP 401
  • GET /user - HTTP 401
  • GET /user/profile - HTTP 401
  • PUT /user/profile - HTTP 401
  • GET /user/profile/available-flairs - HTTP 401
  • GET /user/profile/activity - HTTP 401
  • GET /user/profile/display/1 - HTTP 401
  • GET /user/stats - HTTP 401
  • GET /user/activity - HTTP 401
  • GET /user/forums/threads - HTTP 401
  • POST /user/forums/threads - HTTP 401
  • POST /user/forums/threads/1/posts - HTTP 401
  • POST /user/news/1/comments - HTTP 401
  • POST /user/matches/1/comments - HTTP 401
  • GET /user/predictions - HTTP 401
  • POST /user/predictions - HTTP 401
  • GET /user/favorites/teams - HTTP 401
  • POST /user/favorites/teams - HTTP 401
  • DELETE /user/favorites/teams/1 - HTTP 401
  • GET /user/favorites/players - HTTP 401
  • POST /user/favorites/players - HTTP 401
  • DELETE /user/favorites/players/1 - HTTP 401
  • GET /user/notifications - HTTP 401
  • PUT /user/notifications/1/read - HTTP 401
  • POST /user/notifications/mark-all-read - HTTP 401
  • POST /user/vote - HTTP 500
  • DELETE /user/vote - HTTP 500
  • GET /search/advanced?q=test - HTTP 401
  • GET /search/teams?q=test - HTTP 401
  • GET /search/players?q=test - HTTP 401
  • GET /search/matches?q=test - HTTP 401
  • GET /search/events?q=test - HTTP 401
  • GET /search/news?q=test - HTTP 401
  • GET /search/forums?q=test - HTTP 401
  • GET /search/users?q=test - HTTP 401
  • GET /moderator/forums/threads/reported - HTTP 401
  • GET /moderator/forums/posts/reported - HTTP 401
  • PUT /moderator/forums/threads/1/lock - HTTP 500
  • PUT /moderator/forums/threads/1/unlock - HTTP 500
  • PUT /moderator/forums/threads/1/pin - HTTP 500
  • PUT /moderator/forums/threads/1/unpin - HTTP 500
  • DELETE /moderator/forums/threads/1 - HTTP 500
  • DELETE /moderator/forums/posts/1 - HTTP 500
  • GET /moderator/news/pending - HTTP 401
  • PUT /moderator/news/1/approve - HTTP 401
  • PUT /moderator/news/1/reject - HTTP 401
  • GET /moderator/news/comments/reported - HTTP 401
  • DELETE /moderator/news/comments/1 - HTTP 500
  • GET /moderator/matches/comments/reported - HTTP 401
  • DELETE /moderator/matches/comments/1 - HTTP 500
  • GET /moderator/users/reported - HTTP 401
  • PUT /moderator/users/1/warn - HTTP 500
  • PUT /moderator/users/1/ban - HTTP 500
  • PUT /moderator/users/1/unban - HTTP 500
  • GET /moderator/dashboard/stats - HTTP 401
  • GET /moderator/dashboard/recent-activity - HTTP 401
  • GET /admin/stats - HTTP 401
  • GET /admin/analytics - HTTP 401
  • GET /admin/dashboard - HTTP 401
  • GET /admin/live-scoring - HTTP 401
  • GET /admin/content-moderation - HTTP 401
  • GET /admin/user-management - HTTP 401
  • GET /admin/system-settings - HTTP 401
  • GET /admin/analytics-dashboard - HTTP 401
  • GET /admin/analytics/overview - HTTP 401
  • GET /admin/analytics/users - HTTP 401
  • GET /admin/analytics/content - HTTP 401
  • GET /admin/analytics/engagement - HTTP 401
  • GET /admin/users - HTTP 401
  • GET /admin/users/1 - HTTP 401
  • PUT /admin/users/1 - HTTP 401
  • DELETE /admin/users/1 - HTTP 401
  • GET /admin/users/1/activity - HTTP 401
  • PUT /admin/users/1/roles - HTTP 500
  • PUT /admin/users/1/permissions - HTTP 500
  • GET /admin/teams - HTTP 401
  • GET /admin/teams/1 - HTTP 401
  • POST /admin/teams - HTTP 401
  • PUT /admin/teams/1 - HTTP 401
  • DELETE /admin/teams/1 - HTTP 401
  • POST /admin/teams/1/players - HTTP 401
  • DELETE /admin/teams/1/players/1 - HTTP 401
  • GET /admin/players - HTTP 401
  • GET /admin/players/1 - HTTP 401
  • POST /admin/players - HTTP 401
  • PUT /admin/players/1 - HTTP 401
  • DELETE /admin/players/1 - HTTP 401
  • GET /admin/events - HTTP 401
  • GET /admin/events/1 - HTTP 401
  • POST /admin/events - HTTP 401
  • PUT /admin/events/1 - HTTP 401
  • DELETE /admin/events/1 - HTTP 401
  • GET /admin/events/1/teams - HTTP 401
  • POST /admin/events/1/teams/1 - HTTP 401
  • DELETE /admin/events/1/teams/1 - HTTP 401
  • PUT /admin/events/1/teams/1/seed - HTTP 401
  • PUT /admin/events/1/status - HTTP 500
  • GET /admin/matches - HTTP 401
  • GET /admin/matches/1 - HTTP 401
  • POST /admin/matches - HTTP 401
  • PUT /admin/matches/1 - HTTP 401
  • DELETE /admin/matches/1 - HTTP 401
  • PUT /admin/matches/1/status - HTTP 500
  • POST /admin/matches/1/results - HTTP 500
  • GET /admin/news - HTTP 401
  • GET /admin/news/1 - HTTP 401
  • POST /admin/news - HTTP 401
  • PUT /admin/news/1 - HTTP 401
  • DELETE /admin/news/1 - HTTP 401
  • PUT /admin/news/1/publish - HTTP 500
  • PUT /admin/news/1/unpublish - HTTP 500
  • GET /admin/forums/categories - HTTP 401
  • POST /admin/forums/categories - HTTP 401
  • PUT /admin/forums/categories/1 - HTTP 401
  • DELETE /admin/forums/categories/1 - HTTP 401
  • GET /admin/forums/threads - HTTP 401
  • GET /admin/forums/posts - HTTP 401
  • GET /admin/forums/reports - HTTP 401
  • GET /admin/system/stats - HTTP 401
  • GET /admin/system/health - HTTP 401
  • GET /admin/system/logs - HTTP 401
  • POST /admin/system/cache/clear - HTTP 401
  • POST /admin/system/maintenance/enable - HTTP 500
  • POST /admin/system/maintenance/disable - HTTP 500
  • POST /admin/bulk/users - HTTP 500
  • POST /admin/bulk/teams - HTTP 500
  • POST /admin/bulk/players - HTTP 500
  • POST /admin/bulk/matches - HTTP 500
  • GET /test-admin - HTTP 401
  • GET /test-moderator - HTTP 401
  • GET /test-user - HTTP 401
